../Core/Src/main.c:69:10:read_adc_value	16	static
../Core/Src/main.c:134:6:SystemClock_Config	96	static,ignoring_inline_asm
../Core/Src/main.c:82:5:main	280	static,ignoring_inline_asm
../Core/Src/main.c:360:6:sendResponse	8	static
../Core/Src/main.c:349:6:setLedState	8	static
../Core/Src/main.c:354:6:sendUnknownCommandResponse	64	static
../Core/Src/main.c:339:6:processCommand	8	static
../Core/Src/main.c:317:6:HAL_UART_RxCpltCallback	16	static
../Core/Src/main.c:369:6:Error_Handler	0	static,ignoring_inline_asm
